/storage/miniconda3/envs/kd_env/lib/python3.10/site-packages/torchvision/models/_utils.py:208: UserWarning: The parameter 'pretrained' is deprecated since 0.13 and may be removed in the future, please use 'weights' instead.
  warnings.warn(
/storage/miniconda3/envs/kd_env/lib/python3.10/site-packages/torchvision/models/_utils.py:223: UserWarning: Arguments other than a weight enum or `None` for 'weights' are deprecated since 0.13 and may be removed in the future. The current behavior is equivalent to passing `weights=ResNet50_Weights.IMAGENET1K_V1`. You can also use `weights=ResNet50_Weights.DEFAULT` to get the most up-to-date weights.
  warnings.warn(msg)
device: cuda
Files already downloaded and verified
Files already downloaded and verified
[teacher] epoch 1/60  train_loss=2.8696  test_acc=0.4400  best=0.4400  (179.5s)
[teacher] epoch 2/60  train_loss=1.6856  test_acc=0.4493  best=0.4493  (173.5s)
[teacher] epoch 3/60  train_loss=1.4511  test_acc=0.5480  best=0.5480  (173.9s)
[teacher] epoch 4/60  train_loss=1.3314  test_acc=0.5659  best=0.5659  (174.2s)
[teacher] epoch 5/60  train_loss=1.2703  test_acc=0.5280  best=0.5659  (174.3s)
[teacher] epoch 6/60  train_loss=1.2123  test_acc=0.5482  best=0.5659  (174.3s)
[teacher] epoch 7/60  train_loss=1.1837  test_acc=0.5837  best=0.5837  (174.0s)
[teacher] epoch 8/60  train_loss=1.1471  test_acc=0.5720  best=0.5837  (174.0s)
[teacher] epoch 9/60  train_loss=1.1244  test_acc=0.5699  best=0.5837  (174.0s)
[teacher] epoch 10/60  train_loss=1.1019  test_acc=0.5917  best=0.5917  (173.0s)
[teacher] epoch 11/60  train_loss=1.0708  test_acc=0.5906  best=0.5917  (173.7s)
[teacher] epoch 12/60  train_loss=1.0598  test_acc=0.5985  best=0.5985  (173.2s)
[teacher] epoch 13/60  train_loss=1.0365  test_acc=0.5313  best=0.5985  (173.1s)
[teacher] epoch 14/60  train_loss=1.0170  test_acc=0.5746  best=0.5985  (174.2s)
[teacher] epoch 15/60  train_loss=0.9949  test_acc=0.5821  best=0.5985  (174.6s)
[teacher] epoch 16/60  train_loss=0.9838  test_acc=0.6116  best=0.6116  (173.6s)
[teacher] epoch 17/60  train_loss=0.9595  test_acc=0.6099  best=0.6116  (174.0s)
[teacher] epoch 18/60  train_loss=0.9426  test_acc=0.6048  best=0.6116  (173.9s)
[teacher] epoch 19/60  train_loss=0.9216  test_acc=0.5861  best=0.6116  (174.1s)
[teacher] epoch 20/60  train_loss=0.9015  test_acc=0.6114  best=0.6116  (173.0s)
[teacher] epoch 21/60  train_loss=0.8872  test_acc=0.6120  best=0.6120  (173.8s)
[teacher] epoch 22/60  train_loss=0.8713  test_acc=0.6452  best=0.6452  (173.1s)
[teacher] epoch 23/60  train_loss=0.8459  test_acc=0.6249  best=0.6452  (173.3s)
[teacher] epoch 24/60  train_loss=0.8281  test_acc=0.6465  best=0.6465  (173.4s)
[teacher] epoch 25/60  train_loss=0.8047  test_acc=0.6390  best=0.6465  (173.5s)
[teacher] epoch 26/60  train_loss=0.7807  test_acc=0.6521  best=0.6521  (173.1s)
[teacher] epoch 27/60  train_loss=0.7648  test_acc=0.5875  best=0.6521  (173.2s)
[teacher] epoch 28/60  train_loss=0.7251  test_acc=0.6400  best=0.6521  (173.5s)
[teacher] epoch 29/60  train_loss=0.7143  test_acc=0.6533  best=0.6533  (173.7s)
[teacher] epoch 30/60  train_loss=0.6776  test_acc=0.6630  best=0.6630  (172.8s)
[teacher] epoch 31/60  train_loss=0.6565  test_acc=0.6794  best=0.6794  (174.3s)
[teacher] epoch 32/60  train_loss=0.6313  test_acc=0.6912  best=0.6912  (173.3s)
[teacher] epoch 33/60  train_loss=0.5989  test_acc=0.6710  best=0.6912  (172.8s)
[teacher] epoch 34/60  train_loss=0.5708  test_acc=0.6798  best=0.6912  (173.9s)
[teacher] epoch 35/60  train_loss=0.5302  test_acc=0.6887  best=0.6912  (173.4s)
[teacher] epoch 36/60  train_loss=0.5113  test_acc=0.7004  best=0.7004  (173.6s)
[teacher] epoch 37/60  train_loss=0.4654  test_acc=0.6988  best=0.7004  (174.7s)
[teacher] epoch 38/60  train_loss=0.4415  test_acc=0.7016  best=0.7016  (172.8s)
[teacher] epoch 39/60  train_loss=0.3972  test_acc=0.7095  best=0.7095  (173.6s)
[teacher] epoch 40/60  train_loss=0.3654  test_acc=0.7111  best=0.7111  (173.7s)
[teacher] epoch 41/60  train_loss=0.3194  test_acc=0.7290  best=0.7290  (173.5s)
[teacher] epoch 42/60  train_loss=0.2900  test_acc=0.7223  best=0.7290  (174.0s)
[teacher] epoch 43/60  train_loss=0.2489  test_acc=0.7355  best=0.7355  (172.8s)
[teacher] epoch 44/60  train_loss=0.2200  test_acc=0.7499  best=0.7499  (173.3s)
[teacher] epoch 45/60  train_loss=0.1751  test_acc=0.7618  best=0.7618  (174.1s)
[teacher] epoch 46/60  train_loss=0.1378  test_acc=0.7636  best=0.7636  (173.0s)
[teacher] epoch 47/60  train_loss=0.1072  test_acc=0.7757  best=0.7757  (174.2s)
[teacher] epoch 48/60  train_loss=0.0827  test_acc=0.7815  best=0.7815  (173.7s)
[teacher] epoch 49/60  train_loss=0.0625  test_acc=0.7879  best=0.7879  (173.1s)
[teacher] epoch 50/60  train_loss=0.0438  test_acc=0.7917  best=0.7917  (173.5s)
[teacher] epoch 51/60  train_loss=0.0328  test_acc=0.7990  best=0.7990  (173.3s)
[teacher] epoch 52/60  train_loss=0.0273  test_acc=0.7993  best=0.7993  (173.0s)
[teacher] epoch 53/60  train_loss=0.0207  test_acc=0.8035  best=0.8035  (173.0s)
[teacher] epoch 54/60  train_loss=0.0171  test_acc=0.8035  best=0.8035  (121.4s)
[teacher] epoch 55/60  train_loss=0.0149  test_acc=0.8048  best=0.8048  (79.2s)
[teacher] epoch 56/60  train_loss=0.0135  test_acc=0.8059  best=0.8059  (146.3s)
[teacher] epoch 57/60  train_loss=0.0117  test_acc=0.8065  best=0.8065  (182.0s)
[teacher] epoch 58/60  train_loss=0.0121  test_acc=0.8082  best=0.8082  (173.4s)
[teacher] epoch 59/60  train_loss=0.0115  test_acc=0.8061  best=0.8082  (174.1s)
[teacher] epoch 60/60  train_loss=0.0114  test_acc=0.8061  best=0.8082  (172.8s)
saved final checkpoint to ckpts/teacher_50.pt (final test_acc=0.8061, best=0.8082)
85, best=0.7825)
